// Jest Snapshot v1, https://goo.gl/fbAQLP

exports[`The appearance and functionality of the PropertyListItemComponent when it is in shortlist mode Matches the previous snapshot of the shortlist PropertyListItemComponent 1`] = `
<div
  className="propertyListItemContainer"
>
  <div
    className="propertyList"
  >
    <div
      className="propertyContainer"
      onClick={[Function]}
      onKeyUp={[Function]}
      role="button"
      tabIndex="-1"
    >
      <div
        className="propertyImage"
      >
        <h4>
          IMAGE
        </h4>
      </div>
      <div
        className="propertyInfoContainer"
      >
        <div
          className="propertyTitle"
        >
          <h3>
            Dolorem fuga provident.
          </h3>
          <span
            className="propertyPrice"
          >
            £
            1050
          </span>
        </div>
        <div
          className="propertyLocation"
        >
          <span
            className="propertyLocationIcon"
          >
            <svg
              aria-hidden="true"
              className="svg-inline--fa fa-map-marker-alt fa-w-12 "
              data-icon="map-marker-alt"
              data-prefix="fas"
              focusable="false"
              role="img"
              style={Object {}}
              viewBox="0 0 384 512"
              xmlns="http://www.w3.org/2000/svg"
            >
              <path
                d="M172.268 501.67C26.97 291.031 0 269.413 0 192 0 85.961 85.961 0 192 0s192 85.961 192 192c0 77.413-26.97 99.031-172.268 309.67-9.535 13.774-29.93 13.773-39.464 0zM192 272c44.183 0 80-35.817 80-80s-35.817-80-80-80-80 35.817-80 80 35.817 80 80 80z"
                fill="currentColor"
                style={Object {}}
              />
            </svg>
          </span>
          <span
            className="propertyAddress"
          >
            <p>
              152 Chanelle Villages
              ,
               
              Brixton
            </p>
          </span>
        </div>
        <div
          className="propertyDetails"
        >
          <span
            className="propertyFreeRooms"
          >
            <svg
              aria-hidden="true"
              className="svg-inline--fa fa-bed fa-w-20 "
              data-icon="bed"
              data-prefix="fas"
              focusable="false"
              role="img"
              style={Object {}}
              viewBox="0 0 640 512"
              xmlns="http://www.w3.org/2000/svg"
            >
              <path
                d="M176 256c44.11 0 80-35.89 80-80s-35.89-80-80-80-80 35.89-80 80 35.89 80 80 80zm352-128H304c-8.84 0-16 7.16-16 16v144H64V80c0-8.84-7.16-16-16-16H16C7.16 64 0 71.16 0 80v352c0 8.84 7.16 16 16 16h32c8.84 0 16-7.16 16-16v-48h512v48c0 8.84 7.16 16 16 16h32c8.84 0 16-7.16 16-16V240c0-61.86-50.14-112-112-112z"
                fill="currentColor"
                style={Object {}}
              />
            </svg>
            <p>
              8
               
              Rooms
            </p>
          </span>
          <span
            className="propertyFlatmates"
          >
            <svg
              aria-hidden="true"
              className="svg-inline--fa fa-users fa-w-20 "
              data-icon="users"
              data-prefix="fas"
              focusable="false"
              role="img"
              style={Object {}}
              viewBox="0 0 640 512"
              xmlns="http://www.w3.org/2000/svg"
            >
              <path
                d="M96 224c35.3 0 64-28.7 64-64s-28.7-64-64-64-64 28.7-64 64 28.7 64 64 64zm448 0c35.3 0 64-28.7 64-64s-28.7-64-64-64-64 28.7-64 64 28.7 64 64 64zm32 32h-64c-17.6 0-33.5 7.1-45.1 18.6 40.3 22.1 68.9 62 75.1 109.4h66c17.7 0 32-14.3 32-32v-32c0-35.3-28.7-64-64-64zm-256 0c61.9 0 112-50.1 112-112S381.9 32 320 32 208 82.1 208 144s50.1 112 112 112zm76.8 32h-8.3c-20.8 10-43.9 16-68.5 16s-47.6-6-68.5-16h-8.3C179.6 288 128 339.6 128 403.2V432c0 26.5 21.5 48 48 48h288c26.5 0 48-21.5 48-48v-28.8c0-63.6-51.6-115.2-115.2-115.2zm-223.7-13.4C161.5 263.1 145.6 256 128 256H64c-35.3 0-64 28.7-64 64v32c0 17.7 14.3 32 32 32h65.9c6.3-47.4 34.9-87.3 75.2-109.4z"
                fill="currentColor"
                style={Object {}}
              />
            </svg>
            <p>
              7
               
              Flatmates
            </p>
          </span>
          <span>
            <svg
              aria-hidden="true"
              className="svg-inline--fa fa-briefcase fa-w-16 "
              data-icon="briefcase"
              data-prefix="fas"
              focusable="false"
              role="img"
              style={Object {}}
              viewBox="0 0 512 512"
              xmlns="http://www.w3.org/2000/svg"
            >
              <path
                d="M320 336c0 8.84-7.16 16-16 16h-96c-8.84 0-16-7.16-16-16v-48H0v144c0 25.6 22.4 48 48 48h416c25.6 0 48-22.4 48-48V288H320v48zm144-208h-80V80c0-25.6-22.4-48-48-48H176c-25.6 0-48 22.4-48 48v48H48c-25.6 0-48 22.4-48 48v80h512v-80c0-25.6-22.4-48-48-48zm-144 0H192V96h128v32z"
                fill="currentColor"
                style={Object {}}
              />
            </svg>
            <p>
              Student
            </p>
          </span>
        </div>
      </div>
    </div>
    <div
      className="shortlistDeleteButtonContainer"
    >
      <button
        onClick={[Function]}
        type="button"
      >
        <p>
          Remove
        </p>
        <svg
          aria-hidden="true"
          className="svg-inline--fa fa-trash-alt fa-w-14 "
          data-icon="trash-alt"
          data-prefix="fas"
          focusable="false"
          role="img"
          style={Object {}}
          viewBox="0 0 448 512"
          xmlns="http://www.w3.org/2000/svg"
        >
          <path
            d="M32 464a48 48 0 0 0 48 48h288a48 48 0 0 0 48-48V128H32zm272-256a16 16 0 0 1 32 0v224a16 16 0 0 1-32 0zm-96 0a16 16 0 0 1 32 0v224a16 16 0 0 1-32 0zm-96 0a16 16 0 0 1 32 0v224a16 16 0 0 1-32 0zM432 32H312l-9.4-18.7A24 24 0 0 0 281.1 0H166.8a23.72 23.72 0 0 0-21.4 13.3L136 32H16A16 16 0 0 0 0 48v32a16 16 0 0 0 16 16h416a16 16 0 0 0 16-16V48a16 16 0 0 0-16-16z"
            fill="currentColor"
            style={Object {}}
          />
        </svg>
      </button>
    </div>
  </div>
  <div
    className="propertyList"
  >
    <div
      className="propertyContainer"
      onClick={[Function]}
      onKeyUp={[Function]}
      role="button"
      tabIndex="-1"
    >
      <div
        className="propertyImage"
      >
        <h4>
          IMAGE
        </h4>
      </div>
      <div
        className="propertyInfoContainer"
      >
        <div
          className="propertyTitle"
        >
          <h3>
            Non in beatae unde nostrum hic.
          </h3>
          <span
            className="propertyPrice"
          >
            £
            1475
          </span>
        </div>
        <div
          className="propertyLocation"
        >
          <span
            className="propertyLocationIcon"
          >
            <svg
              aria-hidden="true"
              className="svg-inline--fa fa-map-marker-alt fa-w-12 "
              data-icon="map-marker-alt"
              data-prefix="fas"
              focusable="false"
              role="img"
              style={Object {}}
              viewBox="0 0 384 512"
              xmlns="http://www.w3.org/2000/svg"
            >
              <path
                d="M172.268 501.67C26.97 291.031 0 269.413 0 192 0 85.961 85.961 0 192 0s192 85.961 192 192c0 77.413-26.97 99.031-172.268 309.67-9.535 13.774-29.93 13.773-39.464 0zM192 272c44.183 0 80-35.817 80-80s-35.817-80-80-80-80 35.817-80 80 35.817 80 80 80z"
                fill="currentColor"
                style={Object {}}
              />
            </svg>
          </span>
          <span
            className="propertyAddress"
          >
            <p>
              999 Graham Crossing
              ,
               
              Bayswater
            </p>
          </span>
        </div>
        <div
          className="propertyDetails"
        >
          <span
            className="propertyFreeRooms"
          >
            <svg
              aria-hidden="true"
              className="svg-inline--fa fa-bed fa-w-20 "
              data-icon="bed"
              data-prefix="fas"
              focusable="false"
              role="img"
              style={Object {}}
              viewBox="0 0 640 512"
              xmlns="http://www.w3.org/2000/svg"
            >
              <path
                d="M176 256c44.11 0 80-35.89 80-80s-35.89-80-80-80-80 35.89-80 80 35.89 80 80 80zm352-128H304c-8.84 0-16 7.16-16 16v144H64V80c0-8.84-7.16-16-16-16H16C7.16 64 0 71.16 0 80v352c0 8.84 7.16 16 16 16h32c8.84 0 16-7.16 16-16v-48h512v48c0 8.84 7.16 16 16 16h32c8.84 0 16-7.16 16-16V240c0-61.86-50.14-112-112-112z"
                fill="currentColor"
                style={Object {}}
              />
            </svg>
            <p>
              5
               
              Rooms
            </p>
          </span>
          <span
            className="propertyFlatmates"
          >
            <svg
              aria-hidden="true"
              className="svg-inline--fa fa-users fa-w-20 "
              data-icon="users"
              data-prefix="fas"
              focusable="false"
              role="img"
              style={Object {}}
              viewBox="0 0 640 512"
              xmlns="http://www.w3.org/2000/svg"
            >
              <path
                d="M96 224c35.3 0 64-28.7 64-64s-28.7-64-64-64-64 28.7-64 64 28.7 64 64 64zm448 0c35.3 0 64-28.7 64-64s-28.7-64-64-64-64 28.7-64 64 28.7 64 64 64zm32 32h-64c-17.6 0-33.5 7.1-45.1 18.6 40.3 22.1 68.9 62 75.1 109.4h66c17.7 0 32-14.3 32-32v-32c0-35.3-28.7-64-64-64zm-256 0c61.9 0 112-50.1 112-112S381.9 32 320 32 208 82.1 208 144s50.1 112 112 112zm76.8 32h-8.3c-20.8 10-43.9 16-68.5 16s-47.6-6-68.5-16h-8.3C179.6 288 128 339.6 128 403.2V432c0 26.5 21.5 48 48 48h288c26.5 0 48-21.5 48-48v-28.8c0-63.6-51.6-115.2-115.2-115.2zm-223.7-13.4C161.5 263.1 145.6 256 128 256H64c-35.3 0-64 28.7-64 64v32c0 17.7 14.3 32 32 32h65.9c6.3-47.4 34.9-87.3 75.2-109.4z"
                fill="currentColor"
                style={Object {}}
              />
            </svg>
            <p>
              4
               
              Flatmates
            </p>
          </span>
          <span>
            <svg
              aria-hidden="true"
              className="svg-inline--fa fa-briefcase fa-w-16 "
              data-icon="briefcase"
              data-prefix="fas"
              focusable="false"
              role="img"
              style={Object {}}
              viewBox="0 0 512 512"
              xmlns="http://www.w3.org/2000/svg"
            >
              <path
                d="M320 336c0 8.84-7.16 16-16 16h-96c-8.84 0-16-7.16-16-16v-48H0v144c0 25.6 22.4 48 48 48h416c25.6 0 48-22.4 48-48V288H320v48zm144-208h-80V80c0-25.6-22.4-48-48-48H176c-25.6 0-48 22.4-48 48v48H48c-25.6 0-48 22.4-48 48v80h512v-80c0-25.6-22.4-48-48-48zm-144 0H192V96h128v32z"
                fill="currentColor"
                style={Object {}}
              />
            </svg>
            <p>
              Professional
            </p>
          </span>
        </div>
      </div>
    </div>
    <div
      className="shortlistDeleteButtonContainer"
    >
      <button
        onClick={[Function]}
        type="button"
      >
        <p>
          Remove
        </p>
        <svg
          aria-hidden="true"
          className="svg-inline--fa fa-trash-alt fa-w-14 "
          data-icon="trash-alt"
          data-prefix="fas"
          focusable="false"
          role="img"
          style={Object {}}
          viewBox="0 0 448 512"
          xmlns="http://www.w3.org/2000/svg"
        >
          <path
            d="M32 464a48 48 0 0 0 48 48h288a48 48 0 0 0 48-48V128H32zm272-256a16 16 0 0 1 32 0v224a16 16 0 0 1-32 0zm-96 0a16 16 0 0 1 32 0v224a16 16 0 0 1-32 0zm-96 0a16 16 0 0 1 32 0v224a16 16 0 0 1-32 0zM432 32H312l-9.4-18.7A24 24 0 0 0 281.1 0H166.8a23.72 23.72 0 0 0-21.4 13.3L136 32H16A16 16 0 0 0 0 48v32a16 16 0 0 0 16 16h416a16 16 0 0 0 16-16V48a16 16 0 0 0-16-16z"
            fill="currentColor"
            style={Object {}}
          />
        </svg>
      </button>
    </div>
  </div>
</div>
`;
