// Jest Snapshot v1, https://goo.gl/fbAQLP

exports[`The appearance and functionality of the PropertyForm component's container and form elements Matches the previous snapshot of the PropertyForm component 1`] = `
<div>
  <form
    className="newPropertyFormContainer"
    onSubmit={[Function]}
  >
    <div
      className="textInputContainer"
      id="titleInput"
      onChange={[Function]}
    >
      <label
        htmlFor="title"
      >
        <h3>
          Title *
        </h3>
        <input
          defaultValue=""
          id="title"
          placeholder="Give your property a title..."
          required={true}
          type="text"
        />
      </label>
    </div>
    <div
      className="textInputContainer"
      id="descInput"
      onChange={[Function]}
    >
      <label
        htmlFor="blurb"
      >
        <h3>
          Description *
        </h3>
        <textarea
          defaultValue=""
          id="blurb"
          placeholder="Add a short description of the property"
          required={true}
        />
      </label>
    </div>
    <div
      className="textInputContainer"
      id="addressInput"
      onChange={[Function]}
    >
      <label
        htmlFor="address"
      >
        <h3>
          Address *
        </h3>
        <input
          defaultValue=""
          id="address"
          placeholder="Enter the first line address..."
          required={true}
          type="text"
        />
      </label>
    </div>
    <div
      className="textInputContainer"
      id="townInput"
      onChange={[Function]}
    >
      <label
        htmlFor="town"
      >
        <h3>
          Town *
        </h3>
        <input
          defaultValue=""
          id="town"
          placeholder="Enter the town..."
          required={true}
          type="text"
        />
      </label>
    </div>
    <div
      className="textInputContainer"
      id="postcodeInput"
      onChange={[Function]}
    >
      <label
        htmlFor="postcode"
      >
        <h3>
          Postcode / ZipCode *
        </h3>
        <input
          defaultValue=""
          id="postcode"
          placeholder="Enter the postcode for this singleProperty..."
          required={true}
          type="text"
        />
      </label>
    </div>
    <div
      className="textInputContainer"
      id="priceInput"
      onChange={[Function]}
    >
      <label
        htmlFor="price"
      >
        <h3>
          Rent *
        </h3>
        <input
          defaultValue={null}
          id="price"
          min="0"
          placeholder="Enter the price of rental per month..."
          required={true}
          type="number"
        />
      </label>
    </div>
    <div
      className="radioField"
      id="billsInput"
      onChange={[Function]}
    >
      <h3>
        Are Bills Included? *
      </h3>
      <span>
        <input
          defaultChecked={false}
          id="included"
          name="bills"
          required={true}
          type="radio"
          value="Included"
        />
        <label
          htmlFor="included"
        >
          Included
        </label>
      </span>
      <span>
        <input
          defaultChecked={false}
          id="notIncluded"
          name="bills"
          type="radio"
          value="Not Included"
        />
        <label
          htmlFor="notIncluded"
        >
          Not Included
        </label>
      </span>
    </div>
    <div
      className="textInputContainer"
      id="depositInput"
      onChange={[Function]}
    >
      <label
        htmlFor="deposit"
      >
        <h3>
          How Much Is The Deposit? *
        </h3>
        <input
          defaultValue={null}
          id="deposit"
          min="0"
          placeholder="Enter the total deposit..."
          type="number"
        />
      </label>
    </div>
    <div
      className="radioField"
      id="furnishedInput"
      onChange={[Function]}
    >
      <h3>
        Is The Space For Rent Furnished? *
      </h3>
      <span>
        <input
          defaultChecked={false}
          id="furnished"
          name="furnished"
          required={true}
          type="radio"
          value="Furnished"
        />
        <label
          htmlFor="furnished"
        >
          Furnished
        </label>
      </span>
      <span>
        <input
          defaultChecked={false}
          id="notFurnished"
          name="furnished"
          type="radio"
          value="Non-Furnished"
        />
        <label
          htmlFor="notFurnished"
        >
          Non-Furnished
        </label>
      </span>
    </div>
    <div
      className="radioField"
      id="parkingInput"
      onChange={[Function]}
    >
      <h3>
        Is There Parking? *
      </h3>
      <span>
        <input
          defaultChecked={false}
          id="parking"
          name="parking"
          required={true}
          type="radio"
          value="Parking"
        />
        <label
          htmlFor="parking"
        >
          Parking
        </label>
      </span>
      <span>
        <input
          defaultChecked={false}
          id="noParking"
          name="parking"
          type="radio"
          value="No Parking"
        />
        <label
          htmlFor="noParking"
        >
          No Parking
        </label>
      </span>
    </div>
    <div
      className="textInputContainer"
      id="occupantInput"
      onChange={[Function]}
    >
      <label
        htmlFor="occupantCount"
      >
        <h3>
          How Many People Live Here Currently? *
        </h3>
        <input
          defaultValue={null}
          id="occupantCount"
          min="0"
          placeholder="Enter the number of current flatmates..."
          required={true}
          type="number"
        />
      </label>
    </div>
    <div
      className="textInputContainer"
      id="roomInput"
      onChange={[Function]}
    >
      <label
        htmlFor="roomCount"
      >
        <h3>
          How Many Rooms Are Available? *
        </h3>
        <input
          defaultValue={null}
          id="roomCount"
          min="0"
          placeholder="Enter the number of empty rooms..."
          required={true}
          type="number"
        />
      </label>
    </div>
    <div
      className="reactSelectInputContainer"
      id="outsideInput"
    >
      <h3>
        Are There Any Outside Areas?
      </h3>
      <div
        className="reactSelectInput css-2b097c-container"
        onKeyDown={[Function]}
      >
        <span
          aria-atomic="false"
          aria-live="polite"
          aria-relevant="additions text"
          className="css-1f43avz-a11yText-A11yText"
        />
        <div
          className=" css-yk16xz-control"
          onMouseDown={[Function]}
          onTouchEnd={[Function]}
        >
          <div
            className=" css-g1d714-ValueContainer"
          >
            <div
              className="css-1rhbuit-multiValue"
            >
              <div
                className="css-12jo7m5"
              >
                
              </div>
              <div
                className="css-xb97g8"
                onClick={[Function]}
                onMouseDown={[Function]}
                onTouchEnd={[Function]}
              >
                <svg
                  aria-hidden="true"
                  className="css-tj5bde-Svg"
                  focusable="false"
                  height={14}
                  viewBox="0 0 20 20"
                  width={14}
                >
                  <path
                    d="M14.348 14.849c-0.469 0.469-1.229 0.469-1.697 0l-2.651-3.030-2.651 3.029c-0.469 0.469-1.229 0.469-1.697 0-0.469-0.469-0.469-1.229 0-1.697l2.758-3.15-2.759-3.152c-0.469-0.469-0.469-1.228 0-1.697s1.228-0.469 1.697 0l2.652 3.031 2.651-3.031c0.469-0.469 1.228-0.469 1.697 0s0.469 1.229 0 1.697l-2.758 3.152 2.758 3.15c0.469 0.469 0.469 1.229 0 1.698z"
                  />
                </svg>
              </div>
            </div>
            <div
              className="css-b8ldur-Input"
            >
              <div
                className=""
                style={
                  Object {
                    "display": "inline-block",
                  }
                }
              >
                <input
                  aria-autocomplete="list"
                  autoCapitalize="none"
                  autoComplete="off"
                  autoCorrect="off"
                  disabled={false}
                  id="react-select-2-input"
                  onBlur={[Function]}
                  onChange={[Function]}
                  onFocus={[Function]}
                  spellCheck="false"
                  style={
                    Object {
                      "background": 0,
                      "border": 0,
                      "boxSizing": "content-box",
                      "color": "inherit",
                      "fontSize": "inherit",
                      "label": "input",
                      "opacity": 1,
                      "outline": 0,
                      "padding": 0,
                      "width": "1px",
                    }
                  }
                  tabIndex="0"
                  type="text"
                  value=""
                />
                <div
                  style={
                    Object {
                      "height": 0,
                      "left": 0,
                      "overflow": "scroll",
                      "position": "absolute",
                      "top": 0,
                      "visibility": "hidden",
                      "whiteSpace": "pre",
                    }
                  }
                >
                  
                </div>
              </div>
            </div>
          </div>
          <div
            className=" css-1hb7zxy-IndicatorsContainer"
          >
            <div
              aria-hidden="true"
              className=" css-tlfecz-indicatorContainer"
              onMouseDown={[Function]}
              onTouchEnd={[Function]}
            >
              <svg
                aria-hidden="true"
                className="css-tj5bde-Svg"
                focusable="false"
                height={20}
                viewBox="0 0 20 20"
                width={20}
              >
                <path
                  d="M14.348 14.849c-0.469 0.469-1.229 0.469-1.697 0l-2.651-3.030-2.651 3.029c-0.469 0.469-1.229 0.469-1.697 0-0.469-0.469-0.469-1.229 0-1.697l2.758-3.15-2.759-3.152c-0.469-0.469-0.469-1.228 0-1.697s1.228-0.469 1.697 0l2.652 3.031 2.651-3.031c0.469-0.469 1.228-0.469 1.697 0s0.469 1.229 0 1.697l-2.758 3.152 2.758 3.15c0.469 0.469 0.469 1.229 0 1.698z"
                />
              </svg>
            </div>
            <span
              className=" css-1okebmr-indicatorSeparator"
            />
            <div
              aria-hidden="true"
              className=" css-tlfecz-indicatorContainer"
              onMouseDown={[Function]}
              onTouchEnd={[Function]}
            >
              <svg
                aria-hidden="true"
                className="css-tj5bde-Svg"
                focusable="false"
                height={20}
                viewBox="0 0 20 20"
                width={20}
              >
                <path
                  d="M4.516 7.548c0.436-0.446 1.043-0.481 1.576 0l3.908 3.747 3.908-3.747c0.533-0.481 1.141-0.446 1.574 0 0.436 0.445 0.408 1.197 0 1.615-0.406 0.418-4.695 4.502-4.695 4.502-0.217 0.223-0.502 0.335-0.787 0.335s-0.57-0.112-0.789-0.335c0 0-4.287-4.084-4.695-4.502s-0.436-1.17 0-1.615z"
                />
              </svg>
            </div>
          </div>
        </div>
        <div>
          <input
            name="outsideAreas"
            type="hidden"
            value=""
          />
        </div>
      </div>
    </div>
    <div
      className="radioField"
      id="disabledInput"
      onChange={[Function]}
    >
      <h3>
        Is There Disabled Access?
      </h3>
      <span>
        <input
          defaultChecked={false}
          id="disabledAccess"
          name="disabledAccess"
          type="radio"
          value="Disabled Access"
        />
        <label
          htmlFor="disabledAccess"
        >
          Disabled Access
        </label>
      </span>
      <span>
        <input
          defaultChecked={false}
          id="noDisabledAccess"
          name="disabledAccess"
          type="radio"
          value="No Disabled Access"
        />
        <label
          htmlFor="noDisabledAccess"
        >
          No Disabled Access
        </label>
      </span>
    </div>
    <div
      className="radioField"
      id="internetInput"
      onChange={[Function]}
    >
      <h3>
        Is Internet Provided?
      </h3>
      <span>
        <input
          defaultChecked={false}
          id="internet"
          name="internet"
          type="radio"
          value="Internet Included"
        />
        <label
          htmlFor="internet"
        >
          Internet Provided
        </label>
      </span>
      <span>
        <input
          defaultChecked={false}
          id="noInternet"
          name="internet"
          type="radio"
          value="No Internet Included"
        />
        <label
          htmlFor="noInternet"
        >
          No Internet Provided
        </label>
      </span>
    </div>
    <div
      className="propertyAges"
      id="agesInput"
    >
      <div
        onChange={[Function]}
      >
        <label
          htmlFor="minAge"
        >
          <h3>
            Lowest Age
          </h3>
          <input
            defaultValue={null}
            id="minAge"
            max={null}
            min="18"
            type="number"
          />
        </label>
      </div>
      <div
        onChange={[Function]}
      >
        <label
          htmlFor="maxAge"
        >
          <h3>
            Highest Age
          </h3>
          <input
            defaultValue={null}
            id="maxAge"
            max="125"
            min={null}
            type="number"
          />
        </label>
      </div>
    </div>
    <div
      className="radioField"
      id="smokingInput"
      onChange={[Function]}
    >
      <h3>
        Is Smoking Allowed?
      </h3>
      <span>
        <input
          defaultChecked={false}
          id="smoking"
          name="smoking"
          type="radio"
          value="Smoking"
        />
        <label
          htmlFor="smoking"
        >
          Smoking
        </label>
      </span>
      <span>
        <input
          defaultChecked={false}
          id="nonSmoking"
          name="smoking"
          type="radio"
          value="Non-Smoking"
        />
        <label
          htmlFor="nonSmoking"
        >
          Non-Smoking
        </label>
      </span>
      <span>
        <input
          defaultChecked={false}
          id="anySmoking"
          name="smoking"
          type="radio"
          value="Any"
        />
        <label
          htmlFor="anySmoking"
        >
          Any
        </label>
      </span>
    </div>
    <div
      className="reactSelectInputContainer"
      id="petsInput"
    >
      <h3>
        Are There Any Pets?
      </h3>
      <div
        className="reactSelectInput css-2b097c-container"
        onKeyDown={[Function]}
      >
        <span
          aria-atomic="false"
          aria-live="polite"
          aria-relevant="additions text"
          className="css-1f43avz-a11yText-A11yText"
        />
        <div
          className=" css-yk16xz-control"
          onMouseDown={[Function]}
          onTouchEnd={[Function]}
        >
          <div
            className=" css-g1d714-ValueContainer"
          >
            <div
              className="css-1rhbuit-multiValue"
            >
              <div
                className="css-12jo7m5"
              >
                
              </div>
              <div
                className="css-xb97g8"
                onClick={[Function]}
                onMouseDown={[Function]}
                onTouchEnd={[Function]}
              >
                <svg
                  aria-hidden="true"
                  className="css-tj5bde-Svg"
                  focusable="false"
                  height={14}
                  viewBox="0 0 20 20"
                  width={14}
                >
                  <path
                    d="M14.348 14.849c-0.469 0.469-1.229 0.469-1.697 0l-2.651-3.030-2.651 3.029c-0.469 0.469-1.229 0.469-1.697 0-0.469-0.469-0.469-1.229 0-1.697l2.758-3.15-2.759-3.152c-0.469-0.469-0.469-1.228 0-1.697s1.228-0.469 1.697 0l2.652 3.031 2.651-3.031c0.469-0.469 1.228-0.469 1.697 0s0.469 1.229 0 1.697l-2.758 3.152 2.758 3.15c0.469 0.469 0.469 1.229 0 1.698z"
                  />
                </svg>
              </div>
            </div>
            <div
              className="css-b8ldur-Input"
            >
              <div
                className=""
                style={
                  Object {
                    "display": "inline-block",
                  }
                }
              >
                <input
                  aria-autocomplete="list"
                  autoCapitalize="none"
                  autoComplete="off"
                  autoCorrect="off"
                  disabled={false}
                  id="react-select-3-input"
                  onBlur={[Function]}
                  onChange={[Function]}
                  onFocus={[Function]}
                  spellCheck="false"
                  style={
                    Object {
                      "background": 0,
                      "border": 0,
                      "boxSizing": "content-box",
                      "color": "inherit",
                      "fontSize": "inherit",
                      "label": "input",
                      "opacity": 1,
                      "outline": 0,
                      "padding": 0,
                      "width": "1px",
                    }
                  }
                  tabIndex="0"
                  type="text"
                  value=""
                />
                <div
                  style={
                    Object {
                      "height": 0,
                      "left": 0,
                      "overflow": "scroll",
                      "position": "absolute",
                      "top": 0,
                      "visibility": "hidden",
                      "whiteSpace": "pre",
                    }
                  }
                >
                  
                </div>
              </div>
            </div>
          </div>
          <div
            className=" css-1hb7zxy-IndicatorsContainer"
          >
            <div
              aria-hidden="true"
              className=" css-tlfecz-indicatorContainer"
              onMouseDown={[Function]}
              onTouchEnd={[Function]}
            >
              <svg
                aria-hidden="true"
                className="css-tj5bde-Svg"
                focusable="false"
                height={20}
                viewBox="0 0 20 20"
                width={20}
              >
                <path
                  d="M14.348 14.849c-0.469 0.469-1.229 0.469-1.697 0l-2.651-3.030-2.651 3.029c-0.469 0.469-1.229 0.469-1.697 0-0.469-0.469-0.469-1.229 0-1.697l2.758-3.15-2.759-3.152c-0.469-0.469-0.469-1.228 0-1.697s1.228-0.469 1.697 0l2.652 3.031 2.651-3.031c0.469-0.469 1.228-0.469 1.697 0s0.469 1.229 0 1.697l-2.758 3.152 2.758 3.15c0.469 0.469 0.469 1.229 0 1.698z"
                />
              </svg>
            </div>
            <span
              className=" css-1okebmr-indicatorSeparator"
            />
            <div
              aria-hidden="true"
              className=" css-tlfecz-indicatorContainer"
              onMouseDown={[Function]}
              onTouchEnd={[Function]}
            >
              <svg
                aria-hidden="true"
                className="css-tj5bde-Svg"
                focusable="false"
                height={20}
                viewBox="0 0 20 20"
                width={20}
              >
                <path
                  d="M4.516 7.548c0.436-0.446 1.043-0.481 1.576 0l3.908 3.747 3.908-3.747c0.533-0.481 1.141-0.446 1.574 0 0.436 0.445 0.408 1.197 0 1.615-0.406 0.418-4.695 4.502-4.695 4.502-0.217 0.223-0.502 0.335-0.787 0.335s-0.57-0.112-0.789-0.335c0 0-4.287-4.084-4.695-4.502s-0.436-1.17 0-1.615z"
                />
              </svg>
            </div>
          </div>
        </div>
        <div>
          <input
            name="pets"
            type="hidden"
            value=""
          />
        </div>
      </div>
    </div>
    <div
      className="genderInputContainer"
      id="genderInput"
    >
      <h3>
        How Many Of Each Gender Is There?
      </h3>
      <div>
        <span>
          <label
            htmlFor="male"
          >
            <h4>
              Male
            </h4>
            <input
              defaultValue={0}
              id="male"
              min="0"
              onChange={[Function]}
              type="number"
            />
          </label>
        </span>
        <span>
          <label
            htmlFor="female"
          >
            <h4>
              Female
            </h4>
            <input
              defaultValue={0}
              id="female"
              min="0"
              onChange={[Function]}
              type="number"
            />
          </label>
        </span>
        <span>
          <label
            htmlFor="trans"
          >
            <h4>
              Trans
            </h4>
            <input
              defaultValue={0}
              id="trans"
              min="0"
              onChange={[Function]}
              type="number"
            />
          </label>
        </span>
        <span>
          <label
            htmlFor="other"
          >
            <h4>
              Other
            </h4>
            <input
              defaultValue={0}
              id="other"
              min="0"
              onChange={[Function]}
              type="number"
            />
          </label>
        </span>
      </div>
    </div>
    <div
      className="occupationsInputContainer"
      id="occupationsInput"
    >
      <h3>
        How Many Professionals & Students Are There?
      </h3>
      <div>
        <span>
          <label
            htmlFor="professional"
          >
            <h4>
              Professional
            </h4>
            <input
              defaultValue={0}
              id="professional"
              min="0"
              onChange={[Function]}
              type="number"
            />
          </label>
        </span>
        <span>
          <label
            htmlFor="student"
          >
            <h4>
              Student
            </h4>
            <input
              defaultValue={0}
              id="student"
              min="0"
              onChange={[Function]}
              type="number"
            />
          </label>
        </span>
      </div>
    </div>
    <hr
      className="formEnd"
    />
    <div
      className="submitButton"
    >
      <button
        type="submit"
      >
        <p>
          Create Property
        </p>
      </button>
    </div>
  </form>
</div>
`;
