// Jest Snapshot v1, https://goo.gl/fbAQLP

exports[`The appearance and functionality of the ProfileSettingsNavbar component Should match the previous snapshot 1`] = `
<div
  className="profileSettingsNavbarContainer"
>
  <span
    className="titleSpan"
  >
    <button
      onClick={[MockFunction]}
      onKeyUp={[MockFunction]}
      type="button"
    >
      <svg
        aria-hidden="true"
        className="svg-inline--fa fa-chevron-left fa-w-10 "
        data-icon="chevron-left"
        data-prefix="fas"
        focusable="false"
        role="img"
        style={Object {}}
        viewBox="0 0 320 512"
        xmlns="http://www.w3.org/2000/svg"
      >
        <path
          d="M34.52 239.03L228.87 44.69c9.37-9.37 24.57-9.37 33.94 0l22.67 22.67c9.36 9.36 9.37 24.52.04 33.9L131.49 256l154.02 154.75c9.34 9.38 9.32 24.54-.04 33.9l-22.67 22.67c-9.37 9.37-24.57 9.37-33.94 0L34.52 272.97c-9.37-9.37-9.37-24.57 0-33.94z"
          fill="currentColor"
          style={Object {}}
        />
      </svg>
    </button>
    <h1>
      Settings
    </h1>
  </span>
  <span
    className="imageSpan"
  >
    <img
      alt="Thrive"
      src="thrive-t-transparent.png"
    />
  </span>
</div>
`;
